// Jest Snapshot v1, https://jestjs.io/docs/snapshot-testing

exports[`Login Page should show login form 1`] = `
<DocumentFragment>
  <div
    class="ant-app css-var-_r_0_"
  >
    <div
      class="acss-trkbkn"
    >
      <div
        class="acss-1asxt4z"
        data-lang="true"
      >
        <span
          class="ant-dropdown-trigger"
          style="cursor: pointer; padding: 12px; display: inline-flex; align-items: center; justify-content: center; font-size: 18px; vertical-align: middle;"
        >
          <i
            class="anticon"
          >
            <svg
              aria-hidden="true"
              fill="currentColor"
              focusable="false"
              height="1em"
              viewBox="0 0 24 24"
              width="1em"
            >
              <path
                d="M0 0h24v24H0z"
                fill="none"
              />
              <path
                class="css-c4d79v"
                d="M12.87 15.07l-2.54-2.51.03-.03c1.74-1.94 2.98-4.17 3.71-6.53H17V4h-7V2H8v2H1v1.99h11.17C11.5 7.92 10.44 9.75 9 11.35 8.07 10.32 7.3 9.19 6.69 8h-2c.73 1.63 1.73 3.17 2.98 4.56l-5.09 5.02L4 19l5-5 3.11 3.11.76-2.04zM18.5 10h-2L12 22h2l1.12-3h4.75L21 22h2l-4.5-12zm-2.62 7l1.62-4.33L19.12 17h-3.24z "
              />
            </svg>
          </i>
        </span>
      </div>
      <div
        style="flex: 1; padding: 32px 0px;"
      >
        <div
          class="ant-pro-form-login-container "
        >
          <div
            class="ant-pro-form-login-top"
          >
            <div
              class="ant-pro-form-login-header "
            >
              <span
                class="ant-pro-form-login-logo "
              >
                <img
                  alt="logo"
                  src="https://unfazed-eco.github.io/images/uz-logo.png"
                />
              </span>
              <span
                class="ant-pro-form-login-title "
              >
                Unfazed Admin
              </span>
            </div>
            <div
              class="ant-pro-form-login-desc "
            >
              Unfazed Admin is the admin panel for Unfazed Web framework
            </div>
          </div>
          <div
            class="ant-pro-form-login-main "
            style="width: 328px; min-width: 280px; max-width: 75vw;"
          >
            <form
              autocomplete="off"
              class="ant-form ant-form-vertical css-var-_r_0_ ant-form-css-var ant-pro-form"
            >
              <input
                style="display: none;"
                type="text"
              />
              <div
                class="ant-tabs ant-tabs-top ant-tabs-centered css-var-_r_0_ ant-tabs-css-var"
              >
                <div
                  aria-orientation="horizontal"
                  class="ant-tabs-nav"
                  role="tablist"
                >
                  <div
                    class="ant-tabs-nav-wrap"
                  >
                    <div
                      class="ant-tabs-nav-list"
                      style="transform: translate(0px, 0px);"
                    >
                      <div
                        class="ant-tabs-tab ant-tabs-tab-active"
                        data-node-key="account"
                      >
                        <div
                          aria-controls="rc-tabs-test-panel-account"
                          aria-selected="true"
                          class="ant-tabs-tab-btn"
                          id="rc-tabs-test-tab-account"
                          role="tab"
                          tabindex="0"
                        >
                          Account Login
                        </div>
                      </div>
                      <div
                        class="ant-tabs-ink-bar ant-tabs-ink-bar-animated"
                        style="width: 0px; left: 0px; transform: translateX(-50%);"
                      />
                    </div>
                  </div>
                  <div
                    class="ant-tabs-nav-operations ant-tabs-nav-operations-hidden"
                  >
                    <button
                      aria-controls="rc-tabs-test-more-popup"
                      aria-expanded="false"
                      aria-haspopup="listbox"
                      class="ant-tabs-nav-more"
                      id="rc-tabs-test-more"
                      style="visibility: hidden; order: 1;"
                      type="button"
                    >
                      <span
                        aria-label="ellipsis"
                        class="anticon anticon-ellipsis"
                        role="img"
                      >
                        <svg
                          aria-hidden="true"
                          data-icon="ellipsis"
                          fill="currentColor"
                          focusable="false"
                          height="1em"
                          viewBox="64 64 896 896"
                          width="1em"
                        >
                          <path
                            d="M176 511a56 56 0 10112 0 56 56 0 10-112 0zm280 0a56 56 0 10112 0 56 56 0 10-112 0zm280 0a56 56 0 10112 0 56 56 0 10-112 0z"
                          />
                        </svg>
                      </span>
                    </button>
                  </div>
                </div>
                <div
                  class="ant-tabs-content-holder"
                >
                  <div
                    class="ant-tabs-content ant-tabs-content-top"
                  >
                    <div
                      aria-hidden="false"
                      aria-labelledby="rc-tabs-test-tab-account"
                      class="ant-tabs-tabpane ant-tabs-tabpane-active"
                      id="rc-tabs-test-panel-account"
                      role="tabpanel"
                      tabindex="0"
                    />
                  </div>
                </div>
              </div>
            </form>
            <div
              class="ant-pro-form-login-main-other "
            />
          </div>
        </div>
      </div>
      <footer
        class="ant-layout-footer css-var-_r_0_"
        style="padding: 0px; background: none;"
      >
        <div
          class="ant-pro-global-footer"
        >
          <div
            class="ant-pro-global-footer-list"
          >
            <a
              class="ant-pro-global-footer-list-link"
              href="https://unfazed.eco"
              rel="noreferrer"
              target="_blank"
              title="Unfazed Eco"
            >
              Unfazed Eco
            </a>
            <a
              class="ant-pro-global-footer-list-link"
              href="https://github.com/unfazed-eco/unfazed-admin"
              rel="noreferrer"
              target="_blank"
              title="github"
            >
              <span
                aria-label="github"
                class="anticon anticon-github"
                role="img"
              >
                <svg
                  aria-hidden="true"
                  data-icon="github"
                  fill="currentColor"
                  focusable="false"
                  height="1em"
                  viewBox="64 64 896 896"
                  width="1em"
                >
                  <path
                    d="M511.6 76.3C264.3 76.2 64 276.4 64 523.5 64 718.9 189.3 885 363.8 946c23.5 5.9 19.9-10.8 19.9-22.2v-77.5c-135.7 15.9-141.2-73.9-150.3-88.9C215 726 171.5 718 184.5 703c30.9-15.9 62.4 4 98.9 57.9 26.4 39.1 77.9 32.5 104 26 5.7-23.5 17.9-44.5 34.7-60.8-140.6-25.2-199.2-111-199.2-213 0-49.5 16.3-95 48.3-131.7-20.4-60.5 1.9-112.3 4.9-120 58.1-5.2 118.5 41.6 123.2 45.3 33-8.9 70.7-13.6 112.9-13.6 42.4 0 80.2 4.9 113.5 13.9 11.3-8.6 67.3-48.8 121.3-43.9 2.9 7.7 24.7 58.3 5.5 118 32.4 36.8 48.9 82.7 48.9 132.3 0 102.2-59 188.1-200 212.9a127.5 127.5 0 0138.1 91v112.5c.8 9 0 17.9 15 17.9 177.1-59.7 304.6-227 304.6-424.1 0-247.2-200.4-447.3-447.5-447.3z"
                  />
                </svg>
              </span>
            </a>
            <a
              class="ant-pro-global-footer-list-link"
              href="https://unfazed-eco.github.io/"
              rel="noreferrer"
              target="_blank"
              title="Unfazed Admin"
            >
              Unfazed Admin
            </a>
          </div>
          <div
            class="ant-pro-global-footer-copyright"
          >
            <span
              aria-label="copyright"
              class="anticon anticon-copyright"
              role="img"
            >
              <svg
                aria-hidden="true"
                data-icon="copyright"
                fill="currentColor"
                focusable="false"
                height="1em"
                viewBox="64 64 896 896"
                width="1em"
              >
                <path
                  d="M512 64C264.6 64 64 264.6 64 512s200.6 448 448 448 448-200.6 448-448S759.4 64 512 64zm0 820c-205.4 0-372-166.6-372-372s166.6-372 372-372 372 166.6 372 372-166.6 372-372 372zm5.6-532.7c53 0 89 33.8 93 83.4.3 4.2 3.8 7.4 8 7.4h56.7c2.6 0 4.7-2.1 4.7-4.7 0-86.7-68.4-147.4-162.7-147.4C407.4 290 344 364.2 344 486.8v52.3C344 660.8 407.4 734 517.3 734c94 0 162.7-58.8 162.7-141.4 0-2.6-2.1-4.7-4.7-4.7h-56.8c-4.2 0-7.6 3.2-8 7.3-4.2 46.1-40.1 77.8-93 77.8-65.3 0-102.1-47.9-102.1-133.6v-52.6c.1-87 37-135.5 102.2-135.5z"
                />
              </svg>
            </span>
             Powered by Unfazed Eco
          </div>
        </div>
      </footer>
    </div>
  </div>
</DocumentFragment>
`;
